Identifier		a		1		1
Operator assignment equal		=		1		3
Identifier		b		1		5
Operator assignment equal		=		1		7
Identifier		c		1		9
Operator comparison equal		==		1		11
Identifier		d		1		14
Operator assignment equal		=		1		16
Identifier		e		1		18
Operator comparison equal		==		1		20
Operator assignment equal		=		1		22
Identifier		g		1		24
Punctuation semicolon		;		1		25
Identifier		a		2		2
Operator comparison equal		==		2		4
Identifier		b		2		10
Punctuation semicolon		;		2		11
