Keyword const		const		1		1
Identifier		string		1		7
Identifier		C89_KEYWORDS		1		14
Punctuation bracket_o		[		1		26
Identifier		KEYWORD_COUNT		1		27
Punctuation bracket_c		]		1		40
Operator assignment equal		=		1		42
Punctuation brace_o		{		2		2
Keyword break		break		4		3
Punctuation comma		,		4		8
Keyword case		case		5		3
Punctuation comma		,		5		7
Keyword char		char		6		3
Punctuation comma		,		6		7
Keyword const		const		7		3
Punctuation comma		,		7		8
Keyword continue		continue		8		3
Punctuation comma		,		8		11
Keyword default		default		9		3
Punctuation comma		,		9		10
Keyword do		do		10		3
Punctuation comma		,		10		5
Keyword double		double		11		3
Punctuation comma		,		11		9
Keyword else		else		12		3
Punctuation comma		,		12		7
Keyword enum		enum		13		3
Punctuation comma		,		13		7
Keyword extern		extern		14		3
Punctuation comma		,		14		9
Keyword float		float		15		3
Punctuation comma		,		15		8
Keyword for		for		16		3
Punctuation comma		,		16		6
Keyword if		if		18		3
Punctuation comma		,		18		5
Keyword inline		inline		19		3
Punctuation comma		,		19		9
Keyword int		int		20		3
Punctuation comma		,		20		6
Keyword long		long		21		3
Punctuation comma		,		21		7
Keyword return		return		23		3
Punctuation comma		,		23		9
Keyword short		short		24		3
Punctuation comma		,		24		8
Keyword signed		signed		25		3
Punctuation comma		,		25		9
Keyword sizeof		sizeof		26		3
Punctuation comma		,		26		9
Keyword static		static		27		3
Punctuation comma		,		27		9
Keyword struct		struct		28		3
Punctuation comma		,		28		9
Keyword switch		switch		29		3
Punctuation comma		,		29		9
Keyword typedef		typedef		30		3
Punctuation comma		,		30		10
Keyword unsigned		unsigned		32		3
Punctuation comma		,		32		11
Keyword void		void		33		3
Punctuation comma		,		33		7
Keyword while		while		35		3
Punctuation comma		,		35		8
Punctuation brace_c		}		36		2
Punctuation semicolon		;		36		3
